
> frontend@0.0.0 test
> vitest run


[1m[46m RUN [49m[22m [36mv4.1.0 [39m[90mC:/Users/praka/OneDrive/Desktop/fuel-eu-maritime/frontend[39m

 [31mΓ¥»[39m src/App.test.tsx [2m([22m[2m2 tests[22m[2m | [22m[31m2 failed[39m[2m)[22m[32m 51[2mms[22m[39m
[31m     [31m├ù[31m renders the FuelEU Maritime brand name[39m[32m 38[2mms[22m[39m
[31m     [31m├ù[31m renders all four main navigation tabs[39m[32m 8[2mms[22m[39m
node.exe : 
At line:1 char:1
+ & "C:\Program Files\
nodejs/node.exe" 
"C:\Program 
Files\nodejs/node_mo 
...
+ ~~~~~~~~~~~~~~~~~~~~
~~~~~~~~~~~~~~~~~~~~~~
~~~~~~~~~~~~~~~~~~~~~~
~~~~~
    + CategoryInfo    
          : NotSpeci  
  fied: (:String) [   
 ], RemoteExceptio    
n
    + FullyQualifiedE 
   rrorId : NativeCo  
  mmandError
 
[31mΓÄ»ΓÄ»ΓÄ»ΓÄ»ΓÄ»ΓÄ
»ΓÄ»[39m[1m[41m 
Failed Tests 2 [49m[
22m[31mΓÄ»ΓÄ»ΓÄ»ΓÄ»ΓÄ
»ΓÄ»ΓÄ»[39m

[41m[1m FAIL 
[22m[49m 
src/App.test.tsx[2m 
> [22mApp Shell[2m 
> [22mrenders the 
FuelEU Maritime brand 
name
[41m[1m FAIL 
[22m[49m 
src/App.test.tsx[2m 
> [22mApp Shell[2m 
> [22mrenders all 
four main navigation 
tabs
[31m[1mError[22m: 
[vitest] No "Menu" 
export is defined on 
the "lucide-react" 
mock. Did you forget 
to return it from 
"vi.mock"?
If you need to 
partially mock a 
module, you can use 
"importOriginal" 
helper inside:
[39m
vi.mock(import("lucide
-react"), async 
(importOriginal) => {
  const actual = 
await importOriginal()
  return {
    ...actual,
    // your mocked 
methods
  }
})

[36m [2mΓ¥»[22m 
App src/adapters/ui/Ap
p.tsx:[2m76:62[22m[
39m
    [90m 74|[39m    
                     
[33m{[39m[90m/* 
Mobile Menu Button 
*/[39m[33m}[39m
    [90m 75|[39m    
                     
<button className="mob
ile-menu-btn" 
onClick={tΓÇª
    [90m 76|[39m    
                      
   {isMenuOpen ? <X 
size={24} /> : <Menu 
sizeΓÇª
    [90m   |[39m    
                      
                      
              
[31m^[39m
    [90m 77|[39m    
                     
[33m<[39m[33m/[39m
[33mbutton[39m[33m>
[39m
    [90m 78|[39m    
                 [33m
<[39m[33m/[39m[33m
div[39m[33m>[39m
[90m [2mΓ¥»[22m Obj
ect.react_stack_bottom
_frame node_modules/re
act-dom/cjs/react-dom-
client.development.js:
[2m25904:20[22m[39m
[90m [2mΓ¥»[22m 
renderWithHooks node_m
odules/react-dom/cjs/r
eact-dom-client.develo
pment.js:[2m7662:22[
22m[39m
[90m [2mΓ¥»[22m upd
ateFunctionComponent n
ode_modules/react-dom/
cjs/react-dom-client.d
evelopment.js:[2m1016
6:19[22m[39m
[90m [2mΓ¥»[22m 
beginWork node_modules
/react-dom/cjs/react-d
om-client.development.
js:[2m11778:18[22m[
39m
[90m [2mΓ¥»[22m 
runWithFiberInDEV node
_modules/react-dom/cjs
/react-dom-client.deve
lopment.js:[2m874:13
[22m[39m
[90m [2mΓ¥»[22m 
performUnitOfWork node
_modules/react-dom/cjs
/react-dom-client.deve
lopment.js:[2m17641:2
2[22m[39m
[90m [2mΓ¥»[22m 
workLoopSync node_modu
les/react-dom/cjs/reac
t-dom-client.developme
nt.js:[2m17469:41[22
m[39m

[31m[2mΓÄ»ΓÄ»ΓÄ»ΓÄ»Γ
Ä»ΓÄ»ΓÄ»ΓÄ»ΓÄ»ΓÄ»ΓÄ»ΓÄ
»ΓÄ»ΓÄ»ΓÄ»ΓÄ»ΓÄ»ΓÄ»ΓÄ»
ΓÄ»ΓÄ»ΓÄ»ΓÄ»ΓÄ»[1/2]ΓÄ
»[22m[39m


[2m Test Files [22m [1m[31m1 failed[39m[22m[90m (1)[39m
[2m      Tests [22m [1m[31m2 failed[39m[22m[90m (2)[39m
[2m   Start at [22m 17:32:33
[2m   Duration [22m 3.76s[2m (transform 319ms, setup 234ms, import 1.31s, tests 51ms, environment 1.64s)[22m

