
> backend@1.0.0 test
> jest

node.exe : FAIL src/te
sts/BankingService.tes
t.ts
At line:1 char:1
+ & "C:\Program Files\
nodejs/node.exe" 
"C:\Program 
Files\nodejs/node_mo 
...
+ ~~~~~~~~~~~~~~~~~~~~
~~~~~~~~~~~~~~~~~~~~~~
~~~~~~~~~~~~~~~~~~~~~~
~~~~~
    + CategoryInfo    
          : NotSpeci  
  fied: (FAIL src/t   
 ests/BankingServi    
ce.test.ts:String    
) [], RemoteExcep    
tion
    + FullyQualifiedE 
   rrorId : NativeCo  
  mmandError
 
  ΓùÅ BankingService 
ΓÇ║ should bank 
positive surplus

    expect(received).r
esolves.not.toThrow()

    Received promise 
rejected instead of 
resolved
    Rejected to 
value: [TypeError: thi
s.complianceRepo.getSn
apshot is not a 
function]

    [0m [90m 27 
|[39m         mockBan
kRepo[33m.[39mgetTot
alBanked[33m.[39mmoc
kResolvedValue([35m0
[39m)[33m;[39m
     [90m 28 |[39m
    [31m[1m>[22m[3
9m[90m 29 |[39m     
    [36mawait[39m ex
pect(bankingService[3
3m.[39mbankPositiveCB
([32m'R002'[39m[33m
,[39m [35m2025[39m
[33m,[39m [35m2000[
39m))[33m.[39mresolv
es[33m.[39mnot[33m.
[39mtoThrow()[33m;[
39m
     [90m    |[39m  
                   
[31m[1m^[22m[39m
     [90m 30 |[39m  
       expect(mockBank
Repo[33m.[39msaveBan
kEntry)[33m.[39mtoHa
veBeenCalledWith(expec
t[33m.[39mobjectCont
aining({
     [90m 31 |[39m  
           amount_gco2
eq[33m:[39m 
[35m2000[39m
     [90m 32 |[39m  
       
}))[33m;[39m[0m

      at expect (node_
modules/expect/build/i
ndex.js:2116:15)
      at 
Object.<anonymous> (sr
c/tests/BankingService
.test.ts:29:21)

  ΓùÅ BankingService 
ΓÇ║ should throw when 
banking more than 
surplus

    expect(received).r
ejects.toThrow(expecte
d)

    Expected 
substring: "Cannot 
bank amount. Maximum 
available to bank is 
1000"
    Received message: 
  "this.complianceRepo
.getSnapshot is not a 
function"

        [0m [90m 11 
|[39m       
[36mthrow[39m 
[36mnew[39m [33mErr
or[39m([32m'Bank 
amount must be positiv
e'[39m)[33m;[39m
         [90m 12 
|[39m     }
        [31m[1m>[22
m[39m[90m 13 |[39m 
    [36mconst[39m 
snapshot [33m=[39m 
[36mawait[39m [36mt
his[39m[33m.[39mcom
plianceRepo[33m.[39m
getSnapshot(shipId[33
m,[39m 
year)[33m;[39m
         [90m    
|[39m                
                      
          
[31m[1m^[22m[39m
         [90m 14 
|[39m     
[36mif[39m 
([33m![39msnapshot 
[33m||[39m snapshot
[33m.[39mcb_gco2eq 
[33m<=[39m 
[35m0[39m) {
         [90m 15 
|[39m       
[36mthrow[39m 
[36mnew[39m [33mErr
or[39m([32m'Ship 
has no positive CB to 
bank'[39m)[33m;[39m
         [90m 16 
|[39m     }[0m

      at BankingServic
e.bankPositiveCB (src/
core/application/Banki
ngService.ts:13:48)
      at 
Object.<anonymous> (sr
c/tests/BankingService
.test.ts:41:37)
      at 
Object.toThrow (node_m
odules/expect/build/in
dex.js:2155:20)
      at 
Object.<anonymous> (sr
c/tests/BankingService
.test.ts:42:22)

  ΓùÅ BankingService 
ΓÇ║ should apply 
banked surplus

    expect(received).r
esolves.not.toThrow()

    Received promise 
rejected instead of 
resolved
    Rejected to 
value: [TypeError: thi
s.bankingRepo.getTotal
Banked is not a 
function]

    [0m [90m 45 
|[39m     
it([32m'should apply 
banked surplus'[39m[
33m,[39m 
[36masync[39m () 
[33m=>[39m {
     [90m 46 |[39m  
       mockBankRepo[3
3m.[39mgetTotalBanked
[33m.[39mmockResolve
dValue([35m10000[39m
)[33m;[39m
    [31m[1m>[22m[3
9m[90m 47 |[39m     
    [36mawait[39m ex
pect(bankingService[3
3m.[39mapplyBankedCB(
[32m'R001'[39m[33m,
[39m [35m2025[39m[
33m,[39m [35m5000[3
9m))[33m.[39mresolve
s[33m.[39mnot[33m.
[39mtoThrow()[33m;[3
9m
     [90m    |[39m  
                   
[31m[1m^[22m[39m
     [90m 48 |[39m  
       expect(mockBank
Repo[33m.[39msaveBan
kEntry)[33m.[39mtoHa
veBeenCalledWith(expec
t[33m.[39mobjectCont
aining({
     [90m 49 |[39m  
           amount_gco2
eq[33m:[39m [33m-[
39m[35m5000[39m
     [90m 50 |[39m  
       
}))[33m;[39m[0m

      at expect (node_
modules/expect/build/i
ndex.js:2116:15)
      at 
Object.<anonymous> (sr
c/tests/BankingService
.test.ts:47:21)

  ΓùÅ BankingService 
ΓÇ║ should throw when 
applying more than 
banked

    expect(received).r
ejects.toThrow(expecte
d)

    Expected 
substring: 
"Insufficient banked 
CB. Available: 3000"
    Received message: 
  "this.bankingRepo.ge
tTotalBanked is not a 
function"

        [0m [90m 34 
|[39m     [90m// 
Actually, banked 
amount is positive, 
so when banking from 
surplus, we keep 
+amount.[39m
         [90m 35 
|[39m     [90m// 
Let's assume bank 
entry stores +amount 
when banking, and 
-amount when 
applying.[39m
        [31m[1m>[22
m[39m[90m 36 |[39m 
    [36mconst[39m 
totalBanked 
[33m=[39m 
[36mawait[39m [36mt
his[39m[33m.[39mban
kingRepo[33m.[39mget
TotalBanked(shipId)[3
3m;[39m
         [90m    
|[39m                
                      
          
[31m[1m^[22m[39m
         [90m 37 
|[39m     
[36mif[39m (amount 
[33m>[39m 
totalBanked) {
         [90m 38 
|[39m       
[36mthrow[39m 
[36mnew[39m [33mErr
or[39m([32m'Not 
enough banked 
CB'[39m)[33m;[39m
         [90m 39 
|[39m     }[0m

      at BankingServic
e.applyBankedCB (src/c
ore/application/Bankin
gService.ts:36:48)
      at 
Object.<anonymous> (sr
c/tests/BankingService
.test.ts:55:37)
      at 
Object.toThrow (node_m
odules/expect/build/in
dex.js:2155:20)
      at 
Object.<anonymous> (sr
c/tests/BankingService
.test.ts:56:22)

FAIL src/tests/RouteSe
rvice.test.ts
  ΓùÅ RouteService 
ΓÇ║ should compute 
comparison correctly

    expect(received).t
oBeCloseTo(expected)

    Expected: -5.55
    Received: 
-5.555555555555558

    Expected 
precision:    2
    Expected 
difference: < 0.005
    Received 
difference:   
0.0055555555555582

    [0m [90m 40 
|[39m
     [90m 41 |[39m  
       
[36mconst[39m r2 
[33m=[39m result[33
m.[39mfind(r 
[33m=>[39m 
r[33m.[39mroute_id 
[33m===[39m [32m'R0
02'[39m)[33m;[39m
    [31m[1m>[22m[3
9m[90m 42 |[39m     
    expect(r2[33m?[3
9m[33m.[39mpercentDi
ff)[33m.[39mtoBeClos
eTo([33m-[39m[35m5.
55[39m)[33m;[39m 
[90m// (85 - 90) / 
90 * 100[39m
     [90m    |[39m  
                      
         
[31m[1m^[22m[39m
     [90m 43 |[39m  
       expect(r2[33m?
[39m[33m.[39mcompli
ant)[33m.[39mtoBe([
36mtrue[39m)[33m;[3
9m [90m// 85 < 
89.3368[39m
     [90m 44 |[39m
     [90m 45 |[39m  
       
[36mconst[39m r3 
[33m=[39m result[33
m.[39mfind(r 
[33m=>[39m 
r[33m.[39mroute_id 
[33m===[39m [32m'R0
03'[39m)[33m;[39m[
0m

      at 
Object.<anonymous> (sr
c/tests/RouteService.t
est.ts:42:33)

PASS src/tests/integra
tion.test.ts
  ΓùÅ Console

    console.log
      [dotenv@17.3.1] 
injecting env (6) 
from .env -- tip: 
≡ƒ¢á∩╕Å  run anywhere 
with `dotenvx run -- 
yourcommand`

      at _log (node_mo
dules/dotenv/lib/main.
js:139:11)

PASS src/tests/Pooling
Service.test.ts
PASS src/tests/Complia
nceService.test.ts

Test Suites: 2 
failed, 3 passed, 5 
total
Tests:       5 
failed, 9 passed, 14 
total
Snapshots:   0 total
Time:        0.732 s, 
estimated 1 s
Ran all test suites.

  ΓùÅ  Cannot log 
after tests are done. 
Did you forget to 
wait for something 
async in your test?
    Attempted to log 
"Database connected 
successfully".

    [0m [90m 18 
|[39m         console
[33m.[39merror([32m
'Error connecting to 
the database:'[39m[3
3m,[39m err[33m.[39
mstack)[33m;[39m
     [90m 19 |[39m  
   } [36melse[39m {
    [31m[1m>[22m[3
9m[90m 20 |[39m     
    console[33m.[39m
log([32m'Database 
connected successfully
'[39m)[33m;[39m
     [90m    |[39m  
               
[31m[1m^[22m[39m
     [90m 21 |[39m  
       
release()[33m;[39m
     [90m 22 |[39m  
   }
     [90m 23 |[39m 
})[33m;[39m[0m

      at console.log (
node_modules/@jest/con
sole/build/index.js:14
7:10)
      at 
PendingItem.callback (
src/infrastructure/db/
connection.ts:20:17)
      at BoundPool._ac
quireClient (node_modu
les/pg-pool/index.js:3
57:21)
      at BoundPool._af
terConnect (node_modul
es/pg-pool/index.js:33
1:17)
      at Client._conne
ctionCallback (node_mo
dules/pg-pool/index.js
:306:21)
      at Client._handl
eReadyForQuery (node_m
odules/pg/lib/client.j
s:353:14)
      at node_modules/
pg/lib/connection.js:1
15:12
      at Parser.parse 
(node_modules/pg-proto
col/src/parser.ts:106:
9)
      at 
Socket.<anonymous> (no
de_modules/pg-protocol
/src/index.ts:7:48)

Jest did not exit one 
second after the test 
run has completed.

'This usually means 
that there are 
asynchronous 
operations that 
weren't stopped in 
your tests. Consider 
running Jest with 
`--detectOpenHandles` 
to troubleshoot this 
issue.
